Script started on Fri 01 May 2015 01:48:02 AM PDT
~
echan031@hammer $ cs100
[0;91m
===============================================================================
|                                                                             |
| You have enabled settings specific for cs100.  Everything you do is being   |
| recorded to measure your progress in the class.                             |
|                                                                             |
| Important commands for the class:                                           |
|   * calcgrade.sh          displays a detailed breakdown of your grade       |
|   * checksyscalls.sh      is your cpp file doing proper error checking?     |
|   * typespeed             practice typing unix commands                     |
|                                                                             |
| Important commands for general C++ programming:                             |
|   * make                  don't call g++ manually; let make do the work!    |
|   * gdb                   the GNU debugger                                  |
|   * valgrind              get rid of your memory leaks                      |
|   * cppcheck              static analysis tool                              |
|   * man                   find help about any syscall / terminal command    |
|                                                                             |
===============================================================================
[0m
[s%%%%%%%%%%[u[0;32mechan031[0;36m@[0;32mcs100[0;36m:[0;32m~[0;95m [0;36m$[0m cd reshe[K[K[K[Kshell
[s%%%%%%%%%%[u[0;32mechan031[0;36m@[0;32mcs100[0;36m:[0;32m~/rshell[0;95m (master) [0;36m$[0m ./rshell
ls
LICENSE Makefile README.md rshell.cpp src README.md~ tests rshell bin exec.script 
$ ls -a
. .. .git LICENSE Makefile README.md rshell.cpp src README.md~ tests rshell bin exec.script 
$ ls src
rshell.cpp 
$ ls src -a
. .. rshell.cpp 
$ ls -l
-rw------- 1 echan031 classes 18047 Apr 19 21:44 LICENSE
-rw------- 1 echan031 classes 131 Apr 19 21:44 Makefile
-rw------- 1 echan031 classes 422 May 1 1:40 README.md
-rw------- 1 echan031 classes 10713 May 1 1:19 rshell.cpp
drwx------ 2 echan031 classes 4096 May 1 1:38 src
-rw------- 1 echan031 classes 304 Apr 19 21:44 README.md~
drwxr-xr-x 2 echan031 classes 4096 Apr 19 22:2 tests
-rwx------ 1 echan031 classes 33163 May 1 1:41 rshell
drwx------ 2 echan031 classes 4096 May 1 1:41 bin
-rw------- 1 echan031 classes 0 May 1 1:42 exec.script

$ ls -l     exit
[s%%%%%%%%%%[u[0;32mechan031[0;36m@[0;32mcs100[0;36m:[0;32m~/rshell[0;95m (master) [0;36m$[0m exit
exit
~
echan031@hammer $ exit
exit

Script done on Fri 01 May 2015 01:49:16 AM PDT
